........................................................................ [ 39%]
........................           ERROR    Error on request:                                          
                    Traceback .most recent call last):                         
                      File                                                     
                    "c:\Manasvini\WebDev\api-behavioural-detection-framework\.v
                    env\Lib\site-packages\werkzeug\serving.py", line 371, in   
                    run_wsgi                                                   
                        execute(self.server.app)                               
                        ~~~~~~~^^^^^^^^^^^^^^^^^                               
                      File                                                     
                    "c:\Manasvini\WebDev\api-behavioural-detection-framework\.v
                    env\Lib\site-packages\werkzeug\serving.py", line 332, in   
                    execute                                                    
                        application_iter = app(environ, start_response)        
                      File                                                     
                    "c:\Manasvini\WebDev\api-behavioural-detection-framework\.v
                    env\Lib\site-packages\werkzeug\wrappers\request.py", line  
                    193, in application                                        
                        resp = f(*args[:-2] + (request,))                      
                      File                                                     
                    "c:\Manasvini\WebDev\api-behavioural-detection-framework\.v
                    env\Lib\site-packages\pytest_httpserver\httpserver.py",    
                    line 901, in application                                   
                        response = self.dispatch(request)                      
                      File                                                     
                    "c:\Manasvini\WebDev\api-behavioural-detection-framework\.v
                    env\Lib\site-packages\pytest_httpserver\httpserver.py",    
                    line 1358, in dispatch                                     
                        response = handler.respond(request)                    
                      File                                                     
                    "c:\Manasvini\WebDev\api-behavioural-detection-framework\.v
                    env\Lib\site-packages\pytest_httpserver\httpserver.py",    
                    line 583, in respond                                       
                        response = self.request_handler(request)               
                      File                                                     
                    "c:\Manasvini\WebDev\api-behavioural-detection-framework\te
                    sts\unit\test_executor.py", line 234, in handler           
                        raise Exception("Timeout")                             
                    Exception: Timeout                                         
F.......................................FF..... [ 78%]
................FFF..F.F...............                                  [100%]
================================== FAILURES ===================================
________ TestInvalidTestGenerator.test_generate_tests_with_path_params ________

self = <tests.unit.test_invalid_generator.TestInvalidTestGenerator object at 0x000002483EE43A70>
generator = <api_contract_validator.generation.invalid.generator.InvalidTestGenerator object at 0x000002485995DBD0>

    def test_generate_tests_with_path_params(self, generator):
        """Test generating invalid tests for endpoint with path params."""
        endpoint = Endpoint(
            path="/users/{userId}",
            method=HTTPMethod.PATCH,
            parameters=[
>               Parameter(
                ^^^^^^^^^
                    name="userId",
                    location="path",
                    type=FieldType.INTEGER,
                    constraints=FieldConstraint(required=True, minimum=1),
                )
            ],
            request_body=RequestBody(
                required=True,
                schema={
                    "name": FieldDefinition(
                        name="name",
                        type=FieldType.STRING,
                        constraints=FieldConstraint(required=True),
                    )
                },
            ),
            responses=[ResponseBody(status_code=200, schema={})],
        )
E       NameError: name 'Parameter' is not defined

tests\unit\test_invalid_generator.py:250: NameError
____________ TestRiskBasedPrioritizer.test_invalid_test_multiplier ____________

self = <tests.unit.test_prioritizer.TestRiskBasedPrioritizer object at 0x000002483EFC8CB0>
prioritizer = <api_contract_validator.generation.prioritizer.risk_ranker.RiskBasedPrioritizer object at 0x0000024859ACFAD0>
invalid_test_case = TestCase(test_id='invalid_post_1', endpoint=Endpoint(path='/users', method=<HTTPMethod.POST: 'POST'>, operation_id='cr...equest_body={'name': 'John Doe'}, expected_status=400, expected_response_schema=None, should_pass=False, priority=3.28)

    def test_invalid_test_multiplier(self, prioritizer, invalid_test_case):
        """Test that invalid tests get priority boost."""
        suite = TestSuite(name="Test", description="Test")
        suite.add_test(invalid_test_case)
    
        result = prioritizer.prioritize(suite)
    
        # Invalid tests get 1.3x multiplier
>       assert result.test_cases[0].priority >= 1.3 * invalid_test_case.priority
E       AssertionError: assert 3.28 >= (1.3 * 3.28)
E        +  where 3.28 = TestCase(test_id='invalid_post_1', endpoint=Endpoint(path='/users', method=<HTTPMethod.POST: 'POST'>, operation_id='cr...equest_body={'name': 'John Doe'}, expected_status=400, expected_response_schema=None, should_pass=False, priority=3.28).priority
E        +  and   3.28 = TestCase(test_id='invalid_post_1', endpoint=Endpoint(path='/users', method=<HTTPMethod.POST: 'POST'>, operation_id='cr...equest_body={'name': 'John Doe'}, expected_status=400, expected_response_schema=None, should_pass=False, priority=3.28).priority

tests\unit\test_prioritizer.py:108: AssertionError
---------------------------- Captured stdout call -----------------------------
           INFO     Applying risk-based prioritization to 1 tests              
           INFO     Prioritization complete. Top priority: 3.28                
------------------------------ Captured log call ------------------------------
INFO     api_contract_validator.generation.prioritizer.risk_ranker:risk_ranker.py:36 Applying risk-based prioritization to 1 tests
INFO     api_contract_validator.generation.prioritizer.risk_ranker:risk_ranker.py:45 Prioritization complete. Top priority: 3.28
_______________ TestRiskBasedPrioritizer.test_select_top_tests ________________

self = <tests.unit.test_prioritizer.TestRiskBasedPrioritizer object at 0x000002483EEFB680>
prioritizer = <api_contract_validator.generation.prioritizer.risk_ranker.RiskBasedPrioritizer object at 0x0000024859B14F50>

    def test_select_top_tests(self, prioritizer):
        """Test selecting top N tests by priority."""
        # Create suite with varying priorities
        suite = TestSuite(name="Test", description="Test")
        for i, priority in enumerate([1.0, 2.0, 0.5, 1.5, 0.8]):
            from api_contract_validator.input.normalizer.models import Endpoint, HTTPMethod, ResponseBody
    
            endpoint = Endpoint(
                path="/test", method=HTTPMethod.GET, responses=[ResponseBody(status_code=200, schema={})]
            )
            test = TestCase(
                test_id=f"test_{i}",
                endpoint=endpoint,
                test_type=TestCaseType.VALID,
                description=f"Test {i}",
                method=HTTPMethod.GET,
                path="/test",
                expected_status=200,
                priority=priority,
            )
            suite.add_test(test)
    
        top_tests = prioritizer.select_top_tests(suite, max_tests=3)
    
        assert len(top_tests) == 3
        # Should be top 3 priorities: 2.0, 1.5, 1.0
        priorities = [t.priority for t in top_tests]
>       assert priorities == [2.0, 1.5, 1.0]
E       assert [1.0, 2.0, 0.5] == [2.0, 1.5, 1.0]
E         
E         At index 0 diff: 1.0 != 2.0
E         Use -v to get more diff

tests\unit\test_prioritizer.py:137: AssertionError
_________ TestDiscriminatorValidator.test_unknown_discriminator_value _________

self = <tests.unit.test_schema_composition.TestDiscriminatorValidator object at 0x000002483EFD5480>
spec_dict = {'components': {'schemas': {'DataDestination': {'discriminator': {'mapping': {'HDL': '#/components/schemas/HDLDataDest...': {'type': 'string'}, 'type': {'enum': [...], 'type': 'string'}}, 'required': ['type', 'bucket'], 'type': 'object'}}}}

    def test_unknown_discriminator_value(self, spec_dict):
        """Test unknown discriminator value is detected."""
        validator = DiscriminatorValidator(spec_dict)
        schema = spec_dict["components"]["schemas"]["DataDestination"]
    
        data = {"type": "AZURE", "host": "example.com"}  # Unknown type
    
        violations = validator.validate(data, schema, "POST:/destinations", "response_body")
    
>       assert len(violations) > 0
E       assert 0 > 0
E        +  where 0 = len([])

tests\unit\test_schema_composition.py:89: AssertionError
_________________ TestOneOfValidator.test_matches_one_schema __________________

self = <tests.unit.test_schema_composition.TestOneOfValidator object at 0x000002483EFE4CD0>
spec_dict = {'components': {'schemas': {'EmailContact': {'properties': {'email': {'format': 'email', 'type': 'string'}}, 'required...': 'object'}, 'PhoneContact': {'properties': {'phone': {'type': 'string'}}, 'required': ['phone'], 'type': 'object'}}}}

    def test_matches_one_schema(self, spec_dict):
        """Test data matching exactly one schema passes."""
        validator = OneOfValidator(spec_dict)
        oneof_schemas = [
            {"$ref": "#/components/schemas/EmailContact"},
            {"$ref": "#/components/schemas/PhoneContact"},
        ]
    
        data = {"email": "test@example.com"}
    
        violations = validator.validate(data, oneof_schemas, "POST:/contact", "request_body")
    
>       assert len(violations) == 0
E       AssertionError: assert 1 == 0
E        +  where 1 = len([Violation(violation_type=<ViolationType.CONSTRAINT_VIOLATION: 'constraint_violation'>, endpoint_id='POST:/contact', l...s', message='oneOf validation failed: data matches 2 schemas (indices: [0, 1]), expected exactly 1', severity='error')])

tests\unit\test_schema_composition.py:127: AssertionError
__________________ TestOneOfValidator.test_matches_no_schema __________________

self = <tests.unit.test_schema_composition.TestOneOfValidator object at 0x000002483EFE4E10>
spec_dict = {'components': {'schemas': {'EmailContact': {'properties': {'email': {'format': 'email', 'type': 'string'}}, 'required...': 'object'}, 'PhoneContact': {'properties': {'phone': {'type': 'string'}}, 'required': ['phone'], 'type': 'object'}}}}

    def test_matches_no_schema(self, spec_dict):
        """Test data matching no schemas fails."""
        validator = OneOfValidator(spec_dict)
        oneof_schemas = [
            {"$ref": "#/components/schemas/EmailContact"},
            {"$ref": "#/components/schemas/PhoneContact"},
        ]
    
        data = {}  # No required fields
    
        violations = validator.validate(data, oneof_schemas, "POST:/contact", "request_body")
    
        assert len(violations) > 0
>       assert any("doesn't match any" in v.message.lower() for v in violations)
E       assert False
E        +  where False = any(<generator object TestOneOfValidator.test_matches_no_schema.<locals>.<genexpr> at 0x0000024859AF6DC0>)

tests\unit\test_schema_composition.py:142: AssertionError
__________________ TestAnyOfValidator.test_matches_no_schema __________________

self = <tests.unit.test_schema_composition.TestAnyOfValidator object at 0x000002483EFE5090>
spec_dict = {'components': {'schemas': {'EmailContact': {'properties': {'email': {'type': 'string'}}, 'required': ['email'], 'type': 'object'}, 'PhoneContact': {'properties': {'phone': {'type': 'string'}}, 'required': ['phone'], 'type': 'object'}}}}

    def test_matches_no_schema(self, spec_dict):
        """Test data matching no schemas fails."""
        validator = AnyOfValidator(spec_dict)
        anyof_schemas = [
            {"$ref": "#/components/schemas/EmailContact"},
            {"$ref": "#/components/schemas/PhoneContact"},
        ]
    
        data = {}  # No required fields
    
        violations = validator.validate(data, anyof_schemas, "POST:/contact", "request_body")
    
>       assert len(violations) > 0
E       assert 0 > 0
E        +  where 0 = len([])

tests\unit\test_schema_composition.py:209: AssertionError
__________ TestAllOfValidator.test_missing_field_from_merged_schema ___________

self = <tests.unit.test_schema_composition.TestAllOfValidator object at 0x000002483EFE5310>
spec_dict = {'components': {'schemas': {'BaseEntity': {'properties': {'createdAt': {'format': 'date-time', 'type': 'string'}, 'id'...ype': 'object'}, 'NamedEntity': {'properties': {'name': {'type': 'string'}}, 'required': ['name'], 'type': 'object'}}}}

    def test_missing_field_from_merged_schema(self, spec_dict):
        """Test missing field from merged schema is detected."""
        validator = AllOfValidator(spec_dict)
        allof_schemas = [
            {"$ref": "#/components/schemas/BaseEntity"},
            {"$ref": "#/components/schemas/NamedEntity"},
        ]
    
        # Invalid: missing 'name' from NamedEntity schema
        data = {"id": "123", "createdAt": "2024-01-01T00:00:00Z"}
    
        violations = validator.validate(data, allof_schemas, "GET:/entities", "response_body")
    
>       assert len(violations) > 0
E       assert 0 > 0
E        +  where 0 = len([])

tests\unit\test_schema_composition.py:266: AssertionError
============================== warnings summary ===============================
src\api_contract_validator\config\models.py:107
  C:\Manasvini\WebDev\api-behavioural-detection-framework\src\api_contract_validator\config\models.py:107: PydanticDeprecatedSince20: Support for class-based `config` is deprecated, use ConfigDict instead. Deprecated in Pydantic V2.0 to be removed in V3.0. See Pydantic V2 Migration Guide at https://errors.pydantic.dev/2.13/migration/
    class Config(BaseModel):

src\api_contract_validator\input\normalizer\models.py:49
  C:\Manasvini\WebDev\api-behavioural-detection-framework\src\api_contract_validator\input\normalizer\models.py:49: PydanticDeprecatedSince20: Support for class-based `config` is deprecated, use ConfigDict instead. Deprecated in Pydantic V2.0 to be removed in V3.0. See Pydantic V2 Migration Guide at https://errors.pydantic.dev/2.13/migration/
    class FieldConstraint(BaseModel):

src\api_contract_validator\input\normalizer\models.py:69
  C:\Manasvini\WebDev\api-behavioural-detection-framework\src\api_contract_validator\input\normalizer\models.py:69: PydanticDeprecatedSince20: Support for class-based `config` is deprecated, use ConfigDict instead. Deprecated in Pydantic V2.0 to be removed in V3.0. See Pydantic V2 Migration Guide at https://errors.pydantic.dev/2.13/migration/
    class FieldDefinition(BaseModel):

src\api_contract_validator\input\normalizer\models.py:86
  C:\Manasvini\WebDev\api-behavioural-detection-framework\src\api_contract_validator\input\normalizer\models.py:86: PydanticDeprecatedSince20: Support for class-based `config` is deprecated, use ConfigDict instead. Deprecated in Pydantic V2.0 to be removed in V3.0. See Pydantic V2 Migration Guide at https://errors.pydantic.dev/2.13/migration/
    class Parameter(BaseModel):

src\api_contract_validator\input\normalizer\models.py:102
  C:\Manasvini\WebDev\api-behavioural-detection-framework\src\api_contract_validator\input\normalizer\models.py:102: PydanticDeprecatedSince20: Support for class-based `config` is deprecated, use ConfigDict instead. Deprecated in Pydantic V2.0 to be removed in V3.0. See Pydantic V2 Migration Guide at https://errors.pydantic.dev/2.13/migration/
    class RequestBody(BaseModel):

src\api_contract_validator\input\normalizer\models.py:102
  C:\Manasvini\WebDev\api-behavioural-detection-framework\src\api_contract_validator\input\normalizer\models.py:102: UserWarning: Field name "schema" in "RequestBody" shadows an attribute in parent "BaseModel"
    class RequestBody(BaseModel):

src\api_contract_validator\input\normalizer\models.py:117
  C:\Manasvini\WebDev\api-behavioural-detection-framework\src\api_contract_validator\input\normalizer\models.py:117: PydanticDeprecatedSince20: Support for class-based `config` is deprecated, use ConfigDict instead. Deprecated in Pydantic V2.0 to be removed in V3.0. See Pydantic V2 Migration Guide at https://errors.pydantic.dev/2.13/migration/
    class ResponseBody(BaseModel):

src\api_contract_validator\input\normalizer\models.py:117
  C:\Manasvini\WebDev\api-behavioural-detection-framework\src\api_contract_validator\input\normalizer\models.py:117: UserWarning: Field name "schema" in "ResponseBody" shadows an attribute in parent "BaseModel"
    class ResponseBody(BaseModel):

src\api_contract_validator\input\normalizer\models.py:132
  C:\Manasvini\WebDev\api-behavioural-detection-framework\src\api_contract_validator\input\normalizer\models.py:132: PydanticDeprecatedSince20: Support for class-based `config` is deprecated, use ConfigDict instead. Deprecated in Pydantic V2.0 to be removed in V3.0. See Pydantic V2 Migration Guide at https://errors.pydantic.dev/2.13/migration/
    class Endpoint(BaseModel):

src\api_contract_validator\input\normalizer\models.py:159
  C:\Manasvini\WebDev\api-behavioural-detection-framework\src\api_contract_validator\input\normalizer\models.py:159: PydanticDeprecatedSince20: Support for class-based `config` is deprecated, use ConfigDict instead. Deprecated in Pydantic V2.0 to be removed in V3.0. See Pydantic V2 Migration Guide at https://errors.pydantic.dev/2.13/migration/
    class SecurityScheme(BaseModel):

src\api_contract_validator\input\normalizer\models.py:175
  C:\Manasvini\WebDev\api-behavioural-detection-framework\src\api_contract_validator\input\normalizer\models.py:175: PydanticDeprecatedSince20: Support for class-based `config` is deprecated, use ConfigDict instead. Deprecated in Pydantic V2.0 to be removed in V3.0. See Pydantic V2 Migration Guide at https://errors.pydantic.dev/2.13/migration/
    class APIMetadata(BaseModel):

src\api_contract_validator\input\normalizer\models.py:192
  C:\Manasvini\WebDev\api-behavioural-detection-framework\src\api_contract_validator\input\normalizer\models.py:192: PydanticDeprecatedSince20: Support for class-based `config` is deprecated, use ConfigDict instead. Deprecated in Pydantic V2.0 to be removed in V3.0. See Pydantic V2 Migration Guide at https://errors.pydantic.dev/2.13/migration/
    class UnifiedAPISpec(BaseModel):

src\api_contract_validator\generation\base.py:24
  C:\Manasvini\WebDev\api-behavioural-detection-framework\src\api_contract_validator\generation\base.py:24: PydanticDeprecatedSince20: Support for class-based `config` is deprecated, use ConfigDict instead. Deprecated in Pydantic V2.0 to be removed in V3.0. See Pydantic V2 Migration Guide at https://errors.pydantic.dev/2.13/migration/
    class TestCase(BaseModel):

src\api_contract_validator\generation\base.py:54
  C:\Manasvini\WebDev\api-behavioural-detection-framework\src\api_contract_validator\generation\base.py:54: PydanticDeprecatedSince20: Support for class-based `config` is deprecated, use ConfigDict instead. Deprecated in Pydantic V2.0 to be removed in V3.0. See Pydantic V2 Migration Guide at https://errors.pydantic.dev/2.13/migration/
    class TestSuite(BaseModel):

src\api_contract_validator\schema\contract\contract_model.py:33
  C:\Manasvini\WebDev\api-behavioural-detection-framework\src\api_contract_validator\schema\contract\contract_model.py:33: PydanticDeprecatedSince20: Support for class-based `config` is deprecated, use ConfigDict instead. Deprecated in Pydantic V2.0 to be removed in V3.0. See Pydantic V2 Migration Guide at https://errors.pydantic.dev/2.13/migration/
    class ConstraintRule(BaseModel):

src\api_contract_validator\schema\contract\contract_model.py:45
  C:\Manasvini\WebDev\api-behavioural-detection-framework\src\api_contract_validator\schema\contract\contract_model.py:45: PydanticDeprecatedSince20: Support for class-based `config` is deprecated, use ConfigDict instead. Deprecated in Pydantic V2.0 to be removed in V3.0. See Pydantic V2 Migration Guide at https://errors.pydantic.dev/2.13/migration/
    class ContractRule(BaseModel):

src\api_contract_validator\schema\contract\contract_model.py:62
  C:\Manasvini\WebDev\api-behavioural-detection-framework\src\api_contract_validator\schema\contract\contract_model.py:62: PydanticDeprecatedSince20: Support for class-based `config` is deprecated, use ConfigDict instead. Deprecated in Pydantic V2.0 to be removed in V3.0. See Pydantic V2 Migration Guide at https://errors.pydantic.dev/2.13/migration/
    class EndpointContract(BaseModel):

src\api_contract_validator\schema\contract\contract_model.py:88
  C:\Manasvini\WebDev\api-behavioural-detection-framework\src\api_contract_validator\schema\contract\contract_model.py:88: PydanticDeprecatedSince20: Support for class-based `config` is deprecated, use ConfigDict instead. Deprecated in Pydantic V2.0 to be removed in V3.0. See Pydantic V2 Migration Guide at https://errors.pydantic.dev/2.13/migration/
    class APIContract(BaseModel):

src\api_contract_validator\schema\contract\contract_model.py:116
  C:\Manasvini\WebDev\api-behavioural-detection-framework\src\api_contract_validator\schema\contract\contract_model.py:116: PydanticDeprecatedSince20: Support for class-based `config` is deprecated, use ConfigDict instead. Deprecated in Pydantic V2.0 to be removed in V3.0. See Pydantic V2 Migration Guide at https://errors.pydantic.dev/2.13/migration/
    class Violation(BaseModel):

src\api_contract_validator\analysis\drift\models.py:24
  C:\Manasvini\WebDev\api-behavioural-detection-framework\src\api_contract_validator\analysis\drift\models.py:24: PydanticDeprecatedSince20: Support for class-based `config` is deprecated, use ConfigDict instead. Deprecated in Pydantic V2.0 to be removed in V3.0. See Pydantic V2 Migration Guide at https://errors.pydantic.dev/2.13/migration/
    class ContractDriftIssue(BaseModel):

src\api_contract_validator\analysis\drift\models.py:45
  C:\Manasvini\WebDev\api-behavioural-detection-framework\src\api_contract_validator\analysis\drift\models.py:45: PydanticDeprecatedSince20: Support for class-based `config` is deprecated, use ConfigDict instead. Deprecated in Pydantic V2.0 to be removed in V3.0. See Pydantic V2 Migration Guide at https://errors.pydantic.dev/2.13/migration/
    class ValidationDriftIssue(BaseModel):

src\api_contract_validator\analysis\drift\models.py:65
  C:\Manasvini\WebDev\api-behavioural-detection-framework\src\api_contract_validator\analysis\drift\models.py:65: PydanticDeprecatedSince20: Support for class-based `config` is deprecated, use ConfigDict instead. Deprecated in Pydantic V2.0 to be removed in V3.0. See Pydantic V2 Migration Guide at https://errors.pydantic.dev/2.13/migration/
    class BehavioralDriftIssue(BaseModel):

src\api_contract_validator\analysis\drift\models.py:82
  C:\Manasvini\WebDev\api-behavioural-detection-framework\src\api_contract_validator\analysis\drift\models.py:82: PydanticDeprecatedSince20: Support for class-based `config` is deprecated, use ConfigDict instead. Deprecated in Pydantic V2.0 to be removed in V3.0. See Pydantic V2 Migration Guide at https://errors.pydantic.dev/2.13/migration/
    class DriftSummary(BaseModel):

src\api_contract_validator\analysis\drift\models.py:98
  C:\Manasvini\WebDev\api-behavioural-detection-framework\src\api_contract_validator\analysis\drift\models.py:98: PydanticDeprecatedSince20: Support for class-based `config` is deprecated, use ConfigDict instead. Deprecated in Pydantic V2.0 to be removed in V3.0. See Pydantic V2 Migration Guide at https://errors.pydantic.dev/2.13/migration/
    class DriftReport(BaseModel):

src\api_contract_validator\analysis\drift\models.py:181
  C:\Manasvini\WebDev\api-behavioural-detection-framework\src\api_contract_validator\analysis\drift\models.py:181: PydanticDeprecatedSince20: Support for class-based `config` is deprecated, use ConfigDict instead. Deprecated in Pydantic V2.0 to be removed in V3.0. See Pydantic V2 Migration Guide at https://errors.pydantic.dev/2.13/migration/
    class DriftSnapshot(BaseModel):

src\api_contract_validator\analysis\drift\models.py:193
  C:\Manasvini\WebDev\api-behavioural-detection-framework\src\api_contract_validator\analysis\drift\models.py:193: PydanticDeprecatedSince20: Support for class-based `config` is deprecated, use ConfigDict instead. Deprecated in Pydantic V2.0 to be removed in V3.0. See Pydantic V2 Migration Guide at https://errors.pydantic.dev/2.13/migration/
    class ProgressiveDriftTrend(BaseModel):

src\api_contract_validator\analysis\reasoning\models.py:21
  C:\Manasvini\WebDev\api-behavioural-detection-framework\src\api_contract_validator\analysis\reasoning\models.py:21: PydanticDeprecatedSince20: Support for class-based `config` is deprecated, use ConfigDict instead. Deprecated in Pydantic V2.0 to be removed in V3.0. See Pydantic V2 Migration Guide at https://errors.pydantic.dev/2.13/migration/
    class RootCauseAnalysis(BaseModel):

src\api_contract_validator\analysis\reasoning\models.py:37
  C:\Manasvini\WebDev\api-behavioural-detection-framework\src\api_contract_validator\analysis\reasoning\models.py:37: PydanticDeprecatedSince20: Support for class-based `config` is deprecated, use ConfigDict instead. Deprecated in Pydantic V2.0 to be removed in V3.0. See Pydantic V2 Migration Guide at https://errors.pydantic.dev/2.13/migration/
    class RemediationSuggestion(BaseModel):

src\api_contract_validator\analysis\reasoning\models.py:55
  C:\Manasvini\WebDev\api-behavioural-detection-framework\src\api_contract_validator\analysis\reasoning\models.py:55: PydanticDeprecatedSince20: Support for class-based `config` is deprecated, use ConfigDict instead. Deprecated in Pydantic V2.0 to be removed in V3.0. See Pydantic V2 Migration Guide at https://errors.pydantic.dev/2.13/migration/
    class IssueCorrelation(BaseModel):

src\api_contract_validator\analysis\reasoning\models.py:70
  C:\Manasvini\WebDev\api-behavioural-detection-framework\src\api_contract_validator\analysis\reasoning\models.py:70: PydanticDeprecatedSince20: Support for class-based `config` is deprecated, use ConfigDict instead. Deprecated in Pydantic V2.0 to be removed in V3.0. See Pydantic V2 Migration Guide at https://errors.pydantic.dev/2.13/migration/
    class AnalysisResult(BaseModel):

src\api_contract_validator\reporting\models.py:13
  C:\Manasvini\WebDev\api-behavioural-detection-framework\src\api_contract_validator\reporting\models.py:13: PydanticDeprecatedSince20: Support for class-based `config` is deprecated, use ConfigDict instead. Deprecated in Pydantic V2.0 to be removed in V3.0. See Pydantic V2 Migration Guide at https://errors.pydantic.dev/2.13/migration/
    class ReportSummary(BaseModel):

src\api_contract_validator\reporting\models.py:40
  C:\Manasvini\WebDev\api-behavioural-detection-framework\src\api_contract_validator\reporting\models.py:40: PydanticDeprecatedSince20: Support for class-based `config` is deprecated, use ConfigDict instead. Deprecated in Pydantic V2.0 to be removed in V3.0. See Pydantic V2 Migration Guide at https://errors.pydantic.dev/2.13/migration/
    class EndpointDriftSummary(BaseModel):

src\api_contract_validator\reporting\models.py:55
  C:\Manasvini\WebDev\api-behavioural-detection-framework\src\api_contract_validator\reporting\models.py:55: PydanticDeprecatedSince20: Support for class-based `config` is deprecated, use ConfigDict instead. Deprecated in Pydantic V2.0 to be removed in V3.0. See Pydantic V2 Migration Guide at https://errors.pydantic.dev/2.13/migration/
    class EndpointReport(BaseModel):

src\api_contract_validator\reporting\models.py:69
  C:\Manasvini\WebDev\api-behavioural-detection-framework\src\api_contract_validator\reporting\models.py:69: PydanticDeprecatedSince20: Support for class-based `config` is deprecated, use ConfigDict instead. Deprecated in Pydantic V2.0 to be removed in V3.0. See Pydantic V2 Migration Guide at https://errors.pydantic.dev/2.13/migration/
    class DriftBreakdown(BaseModel):

src\api_contract_validator\reporting\models.py:80
  C:\Manasvini\WebDev\api-behavioural-detection-framework\src\api_contract_validator\reporting\models.py:80: PydanticDeprecatedSince20: Support for class-based `config` is deprecated, use ConfigDict instead. Deprecated in Pydantic V2.0 to be removed in V3.0. See Pydantic V2 Migration Guide at https://errors.pydantic.dev/2.13/migration/
    class ReportMetadata(BaseModel):

.venv\Lib\site-packages\pydantic\main.py:263: 1 warning
tests/integration/test_cli_commands.py: 5 warnings
tests/integration/test_end_to_end.py: 1 warning
tests/unit/test_ai_analyzer.py: 9 warnings
tests/unit/test_drift_detector.py: 4 warnings
tests/unit/test_drift_models.py: 5 warnings
tests/unit/test_report_generator.py: 7 warnings
  c:\Manasvini\WebDev\api-behavioural-detection-framework\.venv\Lib\site-packages\pydantic\main.py:263: DeprecationWarning: datetime.datetime.utcnow() is deprecated and scheduled for removal in a future version. Use timezone-aware objects to represent datetimes in UTC: datetime.datetime.now(datetime.UTC).
    validated_self = self.__pydantic_validator__.validate_python(data, self_instance=self)

src\api_contract_validator\reporting\claude_integration\generator.py:141
tests/integration/test_cli_commands.py::TestCLICommands::test_validate_command_success
tests/integration/test_cli_commands.py::TestCLICommands::test_validate_command_exit_codes
tests/integration/test_cli_commands.py::TestCLICommands::test_validate_command_output_formats
tests/integration/test_cli_commands.py::TestCLICommands::test_validate_command_config_override
tests/integration/test_cli_commands.py::TestCLICommands::test_validate_command_no_ai_flag
  C:\Manasvini\WebDev\api-behavioural-detection-framework\src\api_contract_validator\reporting\claude_integration\generator.py:141: DeprecationWarning: datetime.datetime.utcnow() is deprecated and scheduled for removal in a future version. Use timezone-aware objects to represent datetimes in UTC: datetime.datetime.now(datetime.UTC).
    timestamp = datetime.utcnow().strftime("%Y-%m-%d %H:%M:%S UTC")

src\api_contract_validator\config\models.py:24
  C:\Manasvini\WebDev\api-behavioural-detection-framework\src\api_contract_validator\config\models.py:24: PytestCollectionWarning: cannot collect test class 'TestGenerationConfig' because it has a __init__ constructor (from: tests/integration/test_end_to_end.py)
    class TestGenerationConfig(BaseModel):

src\api_contract_validator\execution\runner\executor.py:41
  C:\Manasvini\WebDev\api-behavioural-detection-framework\src\api_contract_validator\execution\runner\executor.py:41: PytestCollectionWarning: cannot collect test class 'TestExecutor' because it has a __init__ constructor (from: tests/integration/test_end_to_end.py)
    class TestExecutor:

src\api_contract_validator\generation\base.py:24
  C:\Manasvini\WebDev\api-behavioural-detection-framework\src\api_contract_validator\generation\base.py:24: PytestCollectionWarning: cannot collect test class 'TestCase' because it has a __init__ constructor (from: tests/unit/test_boundary_generator.py)
    class TestCase(BaseModel):

src\api_contract_validator\generation\base.py:15
  C:\Manasvini\WebDev\api-behavioural-detection-framework\src\api_contract_validator\generation\base.py:15: PytestCollectionWarning: cannot collect test class 'TestCaseType' because it has a __init__ constructor (from: tests/unit/test_boundary_generator.py)
    class TestCaseType(str, Enum):

src\api_contract_validator\execution\runner\executor.py:41
  C:\Manasvini\WebDev\api-behavioural-detection-framework\src\api_contract_validator\execution\runner\executor.py:41: PytestCollectionWarning: cannot collect test class 'TestExecutor' because it has a __init__ constructor (from: tests/unit/test_executor.py)
    class TestExecutor:

src\api_contract_validator\execution\runner\executor.py:19
  C:\Manasvini\WebDev\api-behavioural-detection-framework\src\api_contract_validator\execution\runner\executor.py:19: PytestCollectionWarning: cannot collect test class 'TestResult' because it has a __init__ constructor (from: tests/unit/test_executor.py)
    class TestResult:

src\api_contract_validator\generation\base.py:24
  C:\Manasvini\WebDev\api-behavioural-detection-framework\src\api_contract_validator\generation\base.py:24: PytestCollectionWarning: cannot collect test class 'TestCase' because it has a __init__ constructor (from: tests/unit/test_executor.py)
    class TestCase(BaseModel):

src\api_contract_validator\generation\base.py:15
  C:\Manasvini\WebDev\api-behavioural-detection-framework\src\api_contract_validator\generation\base.py:15: PytestCollectionWarning: cannot collect test class 'TestCaseType' because it has a __init__ constructor (from: tests/unit/test_executor.py)
    class TestCaseType(str, Enum):

src\api_contract_validator\generation\base.py:24
  C:\Manasvini\WebDev\api-behavioural-detection-framework\src\api_contract_validator\generation\base.py:24: PytestCollectionWarning: cannot collect test class 'TestCase' because it has a __init__ constructor (from: tests/unit/test_invalid_generator.py)
    class TestCase(BaseModel):

src\api_contract_validator\generation\base.py:15
  C:\Manasvini\WebDev\api-behavioural-detection-framework\src\api_contract_validator\generation\base.py:15: PytestCollectionWarning: cannot collect test class 'TestCaseType' because it has a __init__ constructor (from: tests/unit/test_invalid_generator.py)
    class TestCaseType(str, Enum):

src\api_contract_validator\config\models.py:24
  C:\Manasvini\WebDev\api-behavioural-detection-framework\src\api_contract_validator\config\models.py:24: PytestCollectionWarning: cannot collect test class 'TestGenerationConfig' because it has a __init__ constructor (from: tests/unit/test_master_generator.py)
    class TestGenerationConfig(BaseModel):

src\api_contract_validator\generation\base.py:24
  C:\Manasvini\WebDev\api-behavioural-detection-framework\src\api_contract_validator\generation\base.py:24: PytestCollectionWarning: cannot collect test class 'TestCase' because it has a __init__ constructor (from: tests/unit/test_master_generator.py)
    class TestCase(BaseModel):

src\api_contract_validator\generation\base.py:15
  C:\Manasvini\WebDev\api-behavioural-detection-framework\src\api_contract_validator\generation\base.py:15: PytestCollectionWarning: cannot collect test class 'TestCaseType' because it has a __init__ constructor (from: tests/unit/test_master_generator.py)
    class TestCaseType(str, Enum):

src\api_contract_validator\config\models.py:24
  C:\Manasvini\WebDev\api-behavioural-detection-framework\src\api_contract_validator\config\models.py:24: PytestCollectionWarning: cannot collect test class 'TestGenerationConfig' because it has a __init__ constructor (from: tests/unit/test_prioritizer.py)
    class TestGenerationConfig(BaseModel):

src\api_contract_validator\generation\base.py:24
  C:\Manasvini\WebDev\api-behavioural-detection-framework\src\api_contract_validator\generation\base.py:24: PytestCollectionWarning: cannot collect test class 'TestCase' because it has a __init__ constructor (from: tests/unit/test_prioritizer.py)
    class TestCase(BaseModel):

src\api_contract_validator\generation\base.py:15
  C:\Manasvini\WebDev\api-behavioural-detection-framework\src\api_contract_validator\generation\base.py:15: PytestCollectionWarning: cannot collect test class 'TestCaseType' because it has a __init__ constructor (from: tests/unit/test_prioritizer.py)
    class TestCaseType(str, Enum):

src\api_contract_validator\generation\base.py:54
  C:\Manasvini\WebDev\api-behavioural-detection-framework\src\api_contract_validator\generation\base.py:54: PytestCollectionWarning: cannot collect test class 'TestSuite' because it has a __init__ constructor (from: tests/unit/test_prioritizer.py)
    class TestSuite(BaseModel):

src\api_contract_validator\execution\runner\executor.py:19
  C:\Manasvini\WebDev\api-behavioural-detection-framework\src\api_contract_validator\execution\runner\executor.py:19: PytestCollectionWarning: cannot collect test class 'TestResult' because it has a __init__ constructor (from: tests/unit/test_result_collector.py)
    class TestResult:

src\api_contract_validator\generation\base.py:24
  C:\Manasvini\WebDev\api-behavioural-detection-framework\src\api_contract_validator\generation\base.py:24: PytestCollectionWarning: cannot collect test class 'TestCase' because it has a __init__ constructor (from: tests/unit/test_valid_generator.py)
    class TestCase(BaseModel):

src\api_contract_validator\generation\base.py:15
  C:\Manasvini\WebDev\api-behavioural-detection-framework\src\api_contract_validator\generation\base.py:15: PytestCollectionWarning: cannot collect test class 'TestCaseType' because it has a __init__ constructor (from: tests/unit/test_valid_generator.py)
    class TestCaseType(str, Enum):

tests/integration/test_cli_commands.py: 5 warnings
tests/integration/test_end_to_end.py: 4 warnings
tests/unit/test_openapi_parser.py: 23 warnings
  c:\Manasvini\WebDev\api-behavioural-detection-framework\.venv\Lib\site-packages\openapi_spec_validator\shortcuts.py:73: DeprecationWarning: validate_spec shortcut is deprecated. Use validate instead.
    warnings.warn(

tests/integration/test_cli_commands.py::TestCLICommands::test_validate_command_success
tests/integration/test_cli_commands.py::TestCLICommands::test_validate_command_exit_codes
tests/integration/test_cli_commands.py::TestCLICommands::test_validate_command_config_override
tests/integration/test_cli_commands.py::TestCLICommands::test_validate_command_no_ai_flag
  C:\Manasvini\WebDev\api-behavioural-detection-framework\src\api_contract_validator\reporting\markdown\generator.py:98: DeprecationWarning: datetime.datetime.utcnow() is deprecated and scheduled for removal in a future version. Use timezone-aware objects to represent datetimes in UTC: datetime.datetime.now(datetime.UTC).
    timestamp = datetime.utcnow().strftime("%Y%m%d_%H%M%S")

tests/integration/test_cli_commands.py::TestCLICommands::test_validate_command_success
tests/integration/test_cli_commands.py::TestCLICommands::test_validate_command_exit_codes
tests/integration/test_cli_commands.py::TestCLICommands::test_validate_command_config_override
tests/integration/test_cli_commands.py::TestCLICommands::test_validate_command_no_ai_flag
  C:\Manasvini\WebDev\api-behavioural-detection-framework\src\api_contract_validator\reporting\markdown\generator.py:193: DeprecationWarning: datetime.datetime.utcnow() is deprecated and scheduled for removal in a future version. Use timezone-aware objects to represent datetimes in UTC: datetime.datetime.now(datetime.UTC).
    "report_timestamp": datetime.utcnow().strftime("%Y-%m-%d %H:%M:%S UTC"),

tests/integration/test_cli_commands.py::TestCLICommands::test_validate_command_success
tests/integration/test_cli_commands.py::TestCLICommands::test_validate_command_exit_codes
tests/integration/test_cli_commands.py::TestCLICommands::test_validate_command_output_formats
tests/integration/test_cli_commands.py::TestCLICommands::test_validate_command_config_override
tests/integration/test_cli_commands.py::TestCLICommands::test_validate_command_no_ai_flag
  C:\Manasvini\WebDev\api-behavioural-detection-framework\src\api_contract_validator\reporting\json\generator.py:151: DeprecationWarning: datetime.datetime.utcnow() is deprecated and scheduled for removal in a future version. Use timezone-aware objects to represent datetimes in UTC: datetime.datetime.now(datetime.UTC).
    timestamp = datetime.utcnow().strftime("%Y%m%d_%H%M%S")

tests/integration/test_cli_commands.py::TestCLICommands::test_validate_command_success
tests/integration/test_cli_commands.py::TestCLICommands::test_validate_command_exit_codes
tests/integration/test_cli_commands.py::TestCLICommands::test_validate_command_output_formats
tests/integration/test_cli_commands.py::TestCLICommands::test_validate_command_config_override
tests/integration/test_cli_commands.py::TestCLICommands::test_validate_command_no_ai_flag
  C:\Manasvini\WebDev\api-behavioural-detection-framework\src\api_contract_validator\reporting\json\generator.py:59: DeprecationWarning: datetime.datetime.utcnow() is deprecated and scheduled for removal in a future version. Use timezone-aware objects to represent datetimes in UTC: datetime.datetime.now(datetime.UTC).
    "generated_at": datetime.utcnow().isoformat(),

tests/unit/test_ai_analyzer.py::TestAIAnalyzer::test_analyze_drift_no_issues
  C:\Manasvini\WebDev\api-behavioural-detection-framework\src\api_contract_validator\analysis\reasoning\analyzer.py:90: DeprecationWarning: datetime.datetime.utcnow() is deprecated and scheduled for removal in a future version. Use timezone-aware objects to represent datetimes in UTC: datetime.datetime.now(datetime.UTC).
    analysis_timestamp=datetime.utcnow().isoformat(),

tests/unit/test_ai_analyzer.py::TestAIAnalyzer::test_analyze_drift_with_issues
  C:\Manasvini\WebDev\api-behavioural-detection-framework\src\api_contract_validator\analysis\reasoning\analyzer.py:98: DeprecationWarning: datetime.datetime.utcnow() is deprecated and scheduled for removal in a future version. Use timezone-aware objects to represent datetimes in UTC: datetime.datetime.now(datetime.UTC).
    analysis_timestamp=datetime.utcnow().isoformat(),

tests/unit/test_ai_analyzer.py::TestAIAnalyzer::test_extract_patterns_validation_drift
  c:\Manasvini\WebDev\api-behavioural-detection-framework\tests\unit\test_ai_analyzer.py:216: DeprecationWarning: datetime.datetime.utcnow() is deprecated and scheduled for removal in a future version. Use timezone-aware objects to represent datetimes in UTC: datetime.datetime.now(datetime.UTC).
    analysis_timestamp=datetime.utcnow().isoformat(),

tests/unit/test_ai_analyzer.py::TestAIAnalyzer::test_extract_patterns_contract_drift
  c:\Manasvini\WebDev\api-behavioural-detection-framework\tests\unit\test_ai_analyzer.py:254: DeprecationWarning: datetime.datetime.utcnow() is deprecated and scheduled for removal in a future version. Use timezone-aware objects to represent datetimes in UTC: datetime.datetime.now(datetime.UTC).
    analysis_timestamp=datetime.utcnow().isoformat(),

tests/unit/test_valid_generator.py::TestValidTestGenerator::test_generate_valid_string_with_datetime_format
  C:\Manasvini\WebDev\api-behavioural-detection-framework\src\api_contract_validator\generation\valid\generator.py:194: DeprecationWarning: datetime.datetime.utcnow() is deprecated and scheduled for removal in a future version. Use timezone-aware objects to represent datetimes in UTC: datetime.datetime.now(datetime.UTC).
    return datetime.utcnow().isoformat() + "Z"

-- Docs: https://docs.pytest.org/en/stable/how-to/capture-warnings.html

---------- coverage: platform win32, python 3.13.1-final-0 -----------
Name                                                                           Stmts   Miss  Cover   Missing
------------------------------------------------------------------------------------------------------------
src\api_contract_validator\__init__.py                                             4      0   100%
src\api_contract_validator\analysis\__init__.py                                    0      0   100%
src\api_contract_validator\analysis\context\__init__.py                            2      0   100%
src\api_contract_validator\analysis\context\page_ranker.py                       150    111    26%   16, 39, 102-138, 160-188, 200-219, 223-233, 242-263, 271-313, 325-335, 347-367, 377-408, 416-427, 435-449
src\api_contract_validator\analysis\drift\__init__.py                              3      0   100%
src\api_contract_validator\analysis\drift\behavioral_drift.py                    167     36    78%   106-107, 111-157, 242-261, 283-302, 313, 324-340, 352, 357, 374-375, 387, 390, 398, 402, 406, 410
src\api_contract_validator\analysis\drift\contract_drift.py                       42      9    79%   76-77, 90-112, 127-136
src\api_contract_validator\analysis\drift\detector.py                             43      4    91%   97-100
src\api_contract_validator\analysis\drift\models.py                              113      0   100%
src\api_contract_validator\analysis\drift\progressive\__init__.py                  2      2     0%   8-10
src\api_contract_validator\analysis\drift\progressive\tracker.py                  14     14     0%   3-26
src\api_contract_validator\analysis\drift\validation_drift.py                     24      3    88%   50, 80-94
src\api_contract_validator\analysis\reasoning\__init__.py                          3      0   100%
src\api_contract_validator\analysis\reasoning\analyzer.py                        221     54    76%   63-65, 122-125, 166-176, 184, 206-208, 238, 255-262, 275-293, 313, 376, 422-424, 444-461, 500, 547-555, 577-601
src\api_contract_validator\analysis\reasoning\models.py                           48      1    98%   93
src\api_contract_validator\api\__init__.py                                         0      0   100%
src\api_contract_validator\api\server.py                                         209    209     0%   7-481
src\api_contract_validator\cli\__init__.py                                         0      0   100%
src\api_contract_validator\cli\main.py                                           476    299    37%   46, 149-151, 155-162, 167-172, 192-203, 213, 227-229, 257-262, 292-302, 354-359, 362-364, 366-368, 400-457, 476-573, 606-843, 870, 880, 885-886, 893-900
src\api_contract_validator\config\__init__.py                                      3      0   100%
src\api_contract_validator\config\exceptions.py                                   29      3    90%   42-44
src\api_contract_validator\config\loader.py                                       79      9    89%   64, 72, 76, 80, 84, 122-123, 137-138
src\api_contract_validator\config\logging.py                                      48     12    75%   34, 62-69, 76-79
src\api_contract_validator\config\models.py                                       86      4    95%   103, 146-148
src\api_contract_validator\execution\__init__.py                                   0      0   100%
src\api_contract_validator\execution\chaos\__init__.py                             3      3     0%   8-11
src\api_contract_validator\execution\chaos\differential.py                        13     13     0%   3-27
src\api_contract_validator\execution\chaos\interceptor.py                         17     17     0%   3-30
src\api_contract_validator\execution\collector\__init__.py                         0      0   100%
src\api_contract_validator\execution\collector\result_collector.py                37      1    97%   32
src\api_contract_validator\execution\runner\__init__.py                            0      0   100%
src\api_contract_validator\execution\runner\executor.py                           76     18    76%   140-174, 218-219
src\api_contract_validator\generation\__init__.py                                  0      0   100%
src\api_contract_validator\generation\base.py                                     55      1    98%   82
src\api_contract_validator\generation\boundary\__init__.py                         0      0   100%
src\api_contract_validator\generation\boundary\generator.py                       91      2    98%   264-265
src\api_contract_validator\generation\fuzzing\__init__.py                          3      0   100%
src\api_contract_validator\generation\fuzzing\fuzzer.py                          170    142    16%   54-86, 94-122, 133-146, 152-178, 184-229, 237-251, 257-281, 287-310, 316-339, 343-356, 360-372, 378-390, 396-402, 410-427
src\api_contract_validator\generation\fuzzing\mutations.py                       146    124    15%   50-67, 74-92, 98-117, 123-141, 147-168, 174-206, 212-231, 237-251, 257-274, 280-295, 301-318, 324-329, 333-355
src\api_contract_validator\generation\invalid\__init__.py                          0      0   100%
src\api_contract_validator\generation\invalid\generator.py                       115     13    89%   73-74, 105-106, 290-297, 303-304
src\api_contract_validator\generation\prioritizer\__init__.py                      0      0   100%
src\api_contract_validator\generation\prioritizer\risk_ranker.py                  59      3    95%   94, 96, 125
src\api_contract_validator\generation\prioritizer\smartselection\__init__.py       2      2     0%   7-9
src\api_contract_validator\generation\prioritizer\smartselection\selector.py      24     24     0%   3-39
src\api_contract_validator\generation\semantic\__init__.py                         2      2     0%   8-10
src\api_contract_validator\generation\semantic\generator.py                        9      9     0%   3-31
src\api_contract_validator\generation\stateful\__init__.py                         3      3     0%   3-6
src\api_contract_validator\generation\stateful\dependency.py                      59     59     0%   3-88
src\api_contract_validator\generation\stateful\workflow.py                        70     70     0%   3-130
src\api_contract_validator\generation\test_generator.py                           58      4    93%   63-64, 97-98
src\api_contract_validator\generation\valid\__init__.py                            0      0   100%
src\api_contract_validator\generation\valid\generator.py                         127     15    88%   57, 93-94, 101-102, 152, 165, 179-184, 196, 200, 204
src\api_contract_validator\input\__init__.py                                       0      0   100%
src\api_contract_validator\input\factory.py                                       71     71     0%   10-283
src\api_contract_validator\input\normalizer\__init__.py                            0      0   100%
src\api_contract_validator\input\normalizer\models.py                            134      7    95%   217-220, 224, 231-232
src\api_contract_validator\input\openapi\__init__.py                               0      0   100%
src\api_contract_validator\input\openapi\parser.py                               177     45    75%   59-60, 110-147, 151-160, 172-192, 264-265, 303, 378
src\api_contract_validator\input\prd\__init__.py                                   0      0   100%
src\api_contract_validator\input\prd\parser.py                                   175    175     0%   7-415
src\api_contract_validator\ml\__init__.py                                          1      1     0%   10
src\api_contract_validator\ml\anomaly\__init__.py                                 12     12     0%   5-56
src\api_contract_validator\ml\clustering\__init__.py                               9      9     0%   5-29
src\api_contract_validator\ml\embedding\__init__.py                               23     23     0%   5-50
src\api_contract_validator\reporting\__init__.py                                   3      0   100%
src\api_contract_validator\reporting\claude_integration\__init__.py                2      0   100%
src\api_contract_validator\reporting\claude_integration\generator.py             164     77    53%   84-87, 90-93, 219-233, 237-308, 700-807, 817-1002
src\api_contract_validator\reporting\cli\__init__.py                               2      0   100%
src\api_contract_validator\reporting\cli\formatter.py                             90     16    82%   63, 142, 172-193, 198, 217
src\api_contract_validator\reporting\generator.py                                 60      2    97%   113-114
src\api_contract_validator\reporting\json\__init__.py                              2      0   100%
src\api_contract_validator\reporting\json\generator.py                            44      5    89%   97, 166, 205, 215, 228
src\api_contract_validator\reporting\markdown\__init__.py                          2      0   100%
src\api_contract_validator\reporting\markdown\generator.py                        93      9    90%   226-227, 247-252, 273, 298
src\api_contract_validator\reporting\models.py                                    54      0   100%
src\api_contract_validator\schema\__init__.py                                      0      0   100%
src\api_contract_validator\schema\composition\__init__.py                          5      0   100%
src\api_contract_validator\schema\composition\allof_validator.py                  52     13    75%   65, 107-117, 124, 132-134
src\api_contract_validator\schema\composition\anyof_validator.py                  31      5    84%   65, 81, 97, 105-107
src\api_contract_validator\schema\composition\discriminator_validator.py          57     11    81%   57, 66-67, 93-105, 139, 152-153, 164-167
src\api_contract_validator\schema\composition\oneof_validator.py                  40      7    82%   65, 80, 85, 88, 120, 128-130
src\api_contract_validator\schema\contract\__init__.py                             0      0   100%
src\api_contract_validator\schema\contract\constraint_extractor.py                72      0   100%
src\api_contract_validator\schema\contract\contract_model.py                      66      1    98%   78
src\api_contract_validator\schema\contract\rules_engine.py                       189    162    14%   55-64, 68-77, 81-90, 94-103, 126-132, 142-222, 232-251, 257-272, 278-290, 296-308, 314-326, 332-344, 350-362, 368-379, 385-414, 419-461, 465-476, 480-495
src\api_contract_validator\schema\graph\__init__.py                                0      0   100%
src\api_contract_validator\schema\graph\schema_graph.py                           94     94     0%   7-178
src\api_contract_validator\schema\resolver\__init__.py                             0      0   100%
src\api_contract_validator\schema\resolver\ref_resolver.py                        53     53     0%   7-105
src\api_contract_validator\storage\__init__.py                                     0      0   100%
------------------------------------------------------------------------------------------------------------
TOTAL                                                                           4682   2093    55%
Coverage HTML written to dir htmlcov
Coverage XML written to file coverage.xml

=========================== short test summary info ===========================
FAILED tests/unit/test_invalid_generator.py::TestInvalidTestGenerator::test_generate_tests_with_path_params
FAILED tests/unit/test_prioritizer.py::TestRiskBasedPrioritizer::test_invalid_test_multiplier
FAILED tests/unit/test_prioritizer.py::TestRiskBasedPrioritizer::test_select_top_tests
FAILED tests/unit/test_schema_composition.py::TestDiscriminatorValidator::test_unknown_discriminator_value
FAILED tests/unit/test_schema_composition.py::TestOneOfValidator::test_matches_one_schema
FAILED tests/unit/test_schema_composition.py::TestOneOfValidator::test_matches_no_schema
FAILED tests/unit/test_schema_composition.py::TestAnyOfValidator::test_matches_no_schema
FAILED tests/unit/test_schema_composition.py::TestAllOfValidator::test_missing_field_from_merged_schema
8 failed, 175 passed, 148 warnings in 27.62s

